rapha@Raphael-Note MINGW64 ~/Documents/workspace-spring-tool-suite-4-4.8.1.RELEASE/MeuPrimei
roProjeto
$ git init
Initialized empty Git repository in C:/Users/rapha/Documents/workspace-spring-tool-suite-4-4
.8.1.RELEASE/MeuPrimeiroProjeto/.git/

rapha@Raphael-Note MINGW64 ~/Documents/workspace-spring-tool-suite-4-4.8.1.RELEASE/MeuPrimei
roProjeto (master)
$ git remote add origin https://github.com/raphaelgava/primeiro_projeto_spring

C:\Users\rapha\Documents\workspace-spring-tool-suite-4-4.8.1.RELEASE\MeuPrimeiroProjeto>git
pull origin main
remote: Enumerating objects: 3, done.
remote: Counting objects: 100% (3/3), done.
remote: Total 3 (delta 0), reused 0 (delta 0), pack-reused 0
Unpacking objects: 100% (3/3), done.
From https://github.com/raphaelgava/primeiro_projeto_spring
 * branch            main       -> FETCH_HEAD
 * [new branch]      main       -> origin/main


############ESTAVA DANDO ERRADO POIS O NOME DA BRANCH TAVA ERRADO
C:\Users\rapha\Documents\workspace-spring-tool-suite-4-4.8.1.RELEASE\MeuPrimeiroProjeto>git
 pull origin master    <--------- não é master é main!
fatal: couldn't find remote ref master




C:\Users\rapha\Documents\workspace-spring-tool-suite-4-4.8.1.RELEASE\MeuPrimeiroProjeto>git
status
On branch master
Untracked files:
  (use "git add <file>..." to include in what will be committed)
        .gitignore
        .mvn/
        GIT.txt
        mvnw
        mvnw.cmd
        pom.xml
        src/

nothing added to commit but untracked files present (use "git add" to track)

C:\Users\rapha\Documents\workspace-spring-tool-suite-4-4.8.1.RELEASE\MeuPrimeiroProjeto>git
add .
warning: LF will be replaced by CRLF in .gitignore.
The file will have its original line endings in your working directory
warning: LF will be replaced by CRLF in .mvn/wrapper/MavenWrapperDownloader.java.
The file will have its original line endings in your working directory
warning: LF will be replaced by CRLF in .mvn/wrapper/maven-wrapper.properties.
The file will have its original line endings in your working directory
warning: LF will be replaced by CRLF in mvnw.
The file will have its original line endings in your working directory
warning: LF will be replaced by CRLF in mvnw.cmd.
The file will have its original line endings in your working directory
warning: LF will be replaced by CRLF in pom.xml.
The file will have its original line endings in your working directory
warning: LF will be replaced by CRLF in src/main/java/com/example/api/MeuPrimeiroProjetoAppl
ication.java.
The file will have its original line endings in your working directory
warning: LF will be replaced by CRLF in src/main/resources/application.properties.
The file will have its original line endings in your working directory
warning: LF will be replaced by CRLF in src/test/java/com/example/api/MeuPrimeiroProjetoAppl
icationTests.java.
The file will have its original line endings in your working directory

C:\Users\rapha\Documents\workspace-spring-tool-suite-4-4.8.1.RELEASE\MeuPrimeiroProjeto>git
status
On branch master
Changes to be committed:
  (use "git restore --staged <file>..." to unstage)
        new file:   .gitignore
        new file:   .mvn/wrapper/MavenWrapperDownloader.java
        new file:   .mvn/wrapper/maven-wrapper.jar
        new file:   .mvn/wrapper/maven-wrapper.properties
        new file:   GIT.txt
        new file:   mvnw
        new file:   mvnw.cmd
        new file:   pom.xml
        new file:   src/main/java/com/example/api/MeuPrimeiroProjetoApplication.java
        new file:   src/main/resources/application.properties
        new file:   src/test/java/com/example/api/MeuPrimeiroProjetoApplicationTests.java


C:\Users\rapha\Documents\workspace-spring-tool-suite-4-4.8.1.RELEASE\MeuPrimeiroProjeto>

C:\Users\rapha\Documents\workspace-spring-tool-suite-4-4.8.1.RELEASE\MeuPrimeiroProjeto>git
commit -m "primeiro commit"
[master c60c696] primeiro commit
 11 files changed, 749 insertions(+)
 create mode 100644 .gitignore
 create mode 100644 .mvn/wrapper/MavenWrapperDownloader.java
 create mode 100644 .mvn/wrapper/maven-wrapper.jar
 create mode 100644 .mvn/wrapper/maven-wrapper.properties
 create mode 100644 GIT.txt
 create mode 100644 mvnw
 create mode 100644 mvnw.cmd
 create mode 100644 pom.xml
 create mode 100644 src/main/java/com/example/api/MeuPrimeiroProjetoApplication.java
 create mode 100644 src/main/resources/application.properties
 create mode 100644 src/test/java/com/example/api/MeuPrimeiroProjetoApplicationTests.java

C:\Users\rapha\Documents\workspace-spring-tool-suite-4-4.8.1.RELEASE\MeuPrimeiroProjeto>git
log
commit c60c6964f3197586a28ec078e21280e266de613c (HEAD -> master)
Author: raphaelgava <raphaelgava1@gmail.com>
Date:   Tue Nov 24 14:50:07 2020 -0300

    primeiro commit

commit 4a82bbf488dfd227a72c1e2109116caf7e1d998a (origin/main)
Author: Raphael Gava de Andrade <raphaelgava1@gmail.com>
Date:   Mon Nov 23 18:03:10 2020 -0300

    Initial commit


############ESTA BRANCH MASTER É A BRANCH LOCAL QUE O GIT CRIOU, FAZENDO ASSIM ELE JÁ JOGA PRA BRANCH MAIN DO GITHUB PQ ASSIM FOI ASSOCIADA
C:\Users\rapha\Documents\workspace-spring-tool-suite-4-4.8.1.RELEASE\MeuPrimeiroProjeto>git push origin master
Logon failed, use ctrl+c to cancel basic credential prompt.
Username for 'https://github.com': raphaelgava
Password for 'https://raphaelgava@github.com':
Enumerating objects: 28, done.
Counting objects: 100% (28/28), done.
Delta compression using up to 4 threads
Compressing objects: 100% (18/18), done.
Writing objects: 100% (27/27), 53.05 KiB | 4.82 MiB/s, done.
Total 27 (delta 0), reused 0 (delta 0)
remote:
remote: Create a pull request for 'master' on GitHub by visiting:
remote:      https://github.com/raphaelgava/primeiro_projeto_spring/pull/new/master
remote:
To https://github.com/raphaelgava/primeiro_projeto_spring
 * [new branch]      master -> master
